---
source: tests/snapshots/error_messages.rs
expression: normalize_output(&output.stderr)
---
{
  "error": {
    "code": "INVALID_STATUS",
    "message": "Invalid status: invalid",
    "hint": "Valid statuses: open, in_progress, review, blocked, deferred, closed",
    "retryable": true,
    "context": {
      "status": "invalid",
      "hint": null
    }
  }
}
